// Jest Snapshot v1, https://goo.gl/fbAQLP

exports[`Throughput plot component renders throughput plot 1`] = `
<Fragment>
  <EuiPanel
    style={
      Object {
        "maxHeight": 560,
        "minHeight": 308,
        "minWidth": 433,
      }
    }
  >
    <EuiFlexGroup
      gutterSize="xs"
      justifyContent="spaceBetween"
    >
      <PanelTitle
        title="Traces over time"
      />
      <EuiButtonGroup
        buttonSize="s"
        color="text"
        onChange={[Function]}
      />
    </EuiFlexGroup>
    <EuiHorizontalRule
      margin="m"
    />
    <ThroughputTrendPlt
      isPanel={true}
      items={
        Object {
          "fixedInterval": "365d",
          "items": Array [
            Object {
              "hoverlabel": Object {
                "align": "left",
              },
              "hovertemplate": "%{text}<br>Error rate: %{y}<extra></extra>",
              "marker": Object {
                "color": "#fad963",
              },
              "text": Array [
                "Dec 19, 2019 16:00:00 - Dec 18, 2020 16:00:00",
              ],
              "type": "bar",
              "x": Array [
                1576800000000,
              ],
              "y": Array [
                22.22,
              ],
            },
          ],
        }
      }
      onClick={[Function]}
    />
  </EuiPanel>
</Fragment>
`;
