// Jest Snapshot v1, https://goo.gl/fbAQLP

exports[`<ParaOutput /> spec renders dashboards visualization outputs 1`] = `
<div
  class="euiText euiText--small"
  style="margin-left: 9px;"
>
  2020-Jul-21 18:37:44 - 2020-Aug-20 18:37:44
</div>
`;

exports[`<ParaOutput /> spec renders markdown outputs 1`] = `
<div
  class="euiText euiText--medium wrapAll markdown-output-text"
>
  <div
    class="markdown-body "
  >
    <h1>
      Type your input here
    </h1>
  </div>
</div>
`;

exports[`<ParaOutput /> spec renders observability visualization outputs 1`] = `
<div
  class="euiText euiText--small"
  style="margin-left: 9px;"
>
  2020-Jul-21 18:37:44 - 2020-Aug-20 18:37:44
</div>
`;

exports[`<ParaOutput /> spec renders other types of outputs 1`] = `
<div
  class="euiText euiText--medium"
>
  <div
    class="sc-csCMJt hFpeNP"
  />
</div>
`;

exports[`<ParaOutput /> spec renders query outputs 1`] = `
<div>
  <div
    class="euiText euiText--medium wrapAll"
  >
    <b>
       select * from opensearch_dashboards_sample_data_flights limit 2
    </b>
  </div>
  <div
    class="euiSpacer euiSpacer--l"
  />
  <div
    id="queryDataGrid"
  >
    <span
      class="euiLoadingSpinner euiLoadingSpinner--xLarge"
    />
    <div
      class="euiSpacer euiSpacer--l"
    />
    <div
      data-focus-guard="true"
      style="width: 1px; height: 0px; padding: 0px; overflow: hidden; position: fixed; top: 1px; left: 1px;"
      tabindex="-1"
    />
    <div
      class="euiDataGrid__focusWrap"
      data-focus-lock-disabled="disabled"
    >
      <div
        class="euiDataGrid euiDataGrid--bordersAll euiDataGrid--headerShade euiDataGrid--footerOverline euiDataGrid--rowHoverHighlight euiDataGrid--stickyFooter"
      />
    </div>
    <div
      data-focus-guard="true"
      style="width: 1px; height: 0px; padding: 0px; overflow: hidden; position: fixed; top: 1px; left: 1px;"
      tabindex="-1"
    />
  </div>
</div>
`;

exports[`<ParaOutput /> spec renders query outputs with error 1`] = `
<div
  class="euiCodeBlock euiCodeBlock--fontSmall euiCodeBlock--paddingLarge prismjs language-none"
>
  <pre
    class="euiCodeBlock__pre euiCodeBlock__pre--whiteSpacePreWrap"
    tabindex="-1"
  >
    <code
      class="euiCodeBlock__code"
    >
      {"error":"Invalid SQL query"}
    </code>
  </pre>
</div>
`;
