// Jest Snapshot v1, https://goo.gl/fbAQLP

exports[`Filter component renders filters 1`] = `
<Filters
  appConfigs={Array []}
  filters={Array []}
  page="dashboard"
  setFilters={[MockFunction]}
>
  <EuiFlexGroup
    alignItems="center"
    gutterSize="xs"
    responsive={false}
  >
    <div
      className="euiFlexGroup euiFlexGroup--gutterExtraSmall euiFlexGroup--alignItemsCenter euiFlexGroup--directionRow"
    >
      <EuiFlexItem
        grow={false}
      >
        <div
          className="euiFlexItem euiFlexItem--flexGrowZero"
        >
          <AddFilterButton>
            <EuiPopover
              anchorPosition="downLeft"
              button={
                <EuiButtonEmpty
                  flush="left"
                  onClick={[Function]}
                  size="xs"
                >
                  + Add filter
                </EuiButtonEmpty>
              }
              closePopover={[Function]}
              data-test-subj="addfilter"
              display="inlineBlock"
              hasArrow={true}
              isOpen={false}
              ownFocus={true}
              panelPaddingSize="m"
            >
              <div
                className="euiPopover euiPopover--anchorDownLeft"
                data-test-subj="addfilter"
              >
                <div
                  className="euiPopover__anchor"
                >
                  <EuiButtonEmpty
                    flush="left"
                    onClick={[Function]}
                    size="xs"
                  >
                    <button
                      className="euiButtonEmpty euiButtonEmpty--primary euiButtonEmpty--xSmall euiButtonEmpty--flushLeft"
                      disabled={false}
                      onClick={[Function]}
                      type="button"
                    >
                      <EuiButtonContent
                        className="euiButtonEmpty__content"
                        iconGap="m"
                        iconSide="left"
                        iconSize="s"
                        textProps={
                          Object {
                            "className": "euiButtonEmpty__text",
                          }
                        }
                      >
                        <span
                          className="euiButtonContent euiButtonEmpty__content"
                        >
                          <span
                            className="euiButtonEmpty__text"
                          >
                            + Add filter
                          </span>
                        </span>
                      </EuiButtonContent>
                    </button>
                  </EuiButtonEmpty>
                </div>
              </div>
            </EuiPopover>
          </AddFilterButton>
        </div>
      </EuiFlexItem>
    </div>
  </EuiFlexGroup>
</Filters>
`;
