// Jest Snapshot v1, https://goo.gl/fbAQLP

exports[`Gauge component Renders gauge component 1`] = `
<div
  className="euiText euiText--extraSmall visWorkspaceNoData"
  data-test-subj="vizWorkspace__noData"
>
  <div
    className="euiTextAlign euiTextAlign--center"
  >
    <div
      className="euiTextColor euiTextColor--subdued"
    >
      <svg
        aria-hidden={true}
        className="euiIcon euiIcon--xxLarge euiIcon--subdued euiIcon-isLoading"
        focusable="false"
        height={16}
        role="img"
        style={null}
        viewBox="0 0 16 16"
        width={16}
        xmlns="http://www.w3.org/2000/svg"
      />
      <div
        className="euiSpacer euiSpacer--l"
      />
      <p>
        <span>
          No data found
        </span>
      </p>
    </div>
  </div>
</div>
`;
