// Jest Snapshot v1, https://goo.gl/fbAQLP

exports[`Horizontal bar component Renders horizontal bar component 1`] = `
<div
  id="explorerPlotComponent"
  style={
    Object {
      "height": "100%",
      "width": "100%",
    }
  }
/>
`;
