// Jest Snapshot v1, https://goo.gl/fbAQLP

exports[`Text component Renders text component 1`] = `
<div
  data-test-subj="workspace__viz_markdown"
>
  <div
    className="euiMarkdownFormat"
  >
    <div>
      <h2
        key="h-2"
      >
        Text
      </h2>
      

      <p
        key="h-3"
      >
        Welcome to text editor!
      </p>
      

      <p
        key="h-4"
      >
        With text editor, you are able to add text description(s) to your dashboards.
      </p>
    </div>
  </div>
</div>
`;
