// Jest Snapshot v1, https://goo.gl/fbAQLP

exports[`Latency trend cell component renders latency trend cell 1`] = `
<LatencyTrendCell
  item={
    Object {
      "popoverData": Array [
        Object {
          "hoverlabel": Object {
            "bgcolor": "#d7c2ff",
          },
          "hovertemplate": "%{x}<br>Average latency: %{y}<extra></extra>",
          "line": Object {
            "color": "#987dcb",
            "size": 2,
          },
          "marker": Object {
            "color": "#987dcb",
            "size": 8,
          },
          "mode": "lines+markers",
          "type": "scatter",
          "x": Array [
            1605027600000,
          ],
          "y": Array [
            154.71,
          ],
        },
      ],
      "trendData": Array [
        Object {
          "hoverinfo": "none",
          "line": Object {
            "color": "#000000",
            "width": 1,
          },
          "mode": "lines",
          "type": "scatter",
          "x": Array [
            1605027600000,
          ],
          "y": Array [
            154.71,
          ],
        },
      ],
    }
  }
  traceGroupName="order"
>
  <EuiFlexGroup
    gutterSize="s"
  >
    <div
      className="euiFlexGroup euiFlexGroup--gutterSmall euiFlexGroup--directionRow euiFlexGroup--responsive"
    >
      <EuiFlexItem>
        <div
          className="euiFlexItem"
        />
      </EuiFlexItem>
      <EuiFlexItem
        grow={false}
      >
        <div
          className="euiFlexItem euiFlexItem--flexGrowZero"
        >
          <LinePlt
            data={
              Array [
                Object {
                  "hoverinfo": "none",
                  "line": Object {
                    "color": "#000000",
                    "width": 1,
                  },
                  "mode": "lines",
                  "type": "scatter",
                  "x": Array [
                    1605027600000,
                  ],
                  "y": Array [
                    154.71,
                  ],
                },
              ]
            }
          >
            <div>
              -
            </div>
          </LinePlt>
        </div>
      </EuiFlexItem>
      <EuiFlexItem
        grow={false}
      >
        <div
          className="euiFlexItem euiFlexItem--flexGrowZero"
        >
          <EuiPopover
            anchorPosition="downCenter"
            button={
              <EuiButtonIcon
                aria-label="Open popover"
                iconType="magnifyWithPlus"
                onClick={[Function]}
                size="s"
              />
            }
            closePopover={[Function]}
            display="inlineBlock"
            hasArrow={true}
            isOpen={false}
            ownFocus={true}
            panelPaddingSize="m"
          >
            <div
              className="euiPopover euiPopover--anchorDownCenter"
            >
              <div
                className="euiPopover__anchor"
              >
                <EuiButtonIcon
                  aria-label="Open popover"
                  iconType="magnifyWithPlus"
                  onClick={[Function]}
                  size="s"
                >
                  <button
                    aria-label="Open popover"
                    className="euiButtonIcon euiButtonIcon--primary euiButtonIcon--empty euiButtonIcon--small"
                    disabled={false}
                    onClick={[Function]}
                    type="button"
                  >
                    <EuiIcon
                      aria-hidden="true"
                      className="euiButtonIcon__icon"
                      color="inherit"
                      size="m"
                      type="magnifyWithPlus"
                    >
                      <EuiIconBeaker
                        aria-hidden={true}
                        className="euiIcon euiIcon--medium euiIcon--inherit euiIcon-isLoading euiButtonIcon__icon"
                        focusable="false"
                        role="img"
                        style={null}
                      >
                        <svg
                          aria-hidden={true}
                          className="euiIcon euiIcon--medium euiIcon--inherit euiIcon-isLoading euiButtonIcon__icon"
                          focusable="false"
                          height={16}
                          role="img"
                          style={null}
                          viewBox="0 0 16 16"
                          width={16}
                          xmlns="http://www.w3.org/2000/svg"
                        >
                          <path
                            d="M5.277 10.088c.02.014.04.03.057.047.582.55 1.134.812 1.666.812.586 0 1.84-.293 3.713-.88L9 6.212V2H7v4.212l-1.723 3.876Zm-.438.987L3.539 14h8.922l-1.32-2.969C9.096 11.677 7.733 12 7 12c-.74 0-1.463-.315-2.161-.925ZM6 2H5V1h6v1h-1v4l3.375 7.594A1 1 0 0 1 12.461 15H3.54a1 1 0 0 1-.914-1.406L6 6V2Z"
                          />
                        </svg>
                      </EuiIconBeaker>
                    </EuiIcon>
                  </button>
                </EuiButtonIcon>
              </div>
            </div>
          </EuiPopover>
        </div>
      </EuiFlexItem>
    </div>
  </EuiFlexGroup>
</LatencyTrendCell>
`;
