// Jest Snapshot v1, https://goo.gl/fbAQLP

exports[`Manage Datasource Description test Renders manage datasource description 1`] = `
<DataConnectionsDescription>
  <div>
    <EuiTitle
      size="s"
    >
      <h2
        className="euiTitle euiTitle--small"
      >
        Manage existing data connections
      </h2>
    </EuiTitle>
    <EuiSpacer
      size="s"
    >
      <div
        className="euiSpacer euiSpacer--s"
      />
    </EuiSpacer>
    <EuiText
      color="subdued"
      size="s"
    >
      <div
        className="euiText euiText--small"
      >
        <EuiTextColor
          color="subdued"
          component="div"
        >
          <div
            className="euiTextColor euiTextColor--subdued"
          >
            Manage already created data source connections.
          </div>
        </EuiTextColor>
      </div>
    </EuiText>
    <EuiHorizontalRule
      size="full"
    >
      <hr
        className="euiHorizontalRule euiHorizontalRule--full euiHorizontalRule--marginLarge"
      />
    </EuiHorizontalRule>
  </div>
</DataConnectionsDescription>
`;
