// Jest Snapshot v1, https://goo.gl/fbAQLP

exports[`Patterns header component Renders header of log patterns 1`] = `
<div
  className="euiFlexGroup euiFlexGroup--gutterSmall euiFlexGroup--alignItemsCenter euiFlexGroup--directionRow euiFlexGroup--responsive"
>
  <div
    className="euiFlexItem euiFlexItem--flexGrowZero"
  >
    <h3
      className="euiTitle euiTitle--small"
      style={
        Object {
          "margin": "0px",
        }
      }
    >
      Patterns
       
      <span
        className="pattern-header-count"
      >
        (
        1
        )
      </span>
    </h3>
  </div>
  <div
    className="euiFlexItem euiFlexItem--flexGrowZero"
  >
    <div
      className="euiPopover euiPopover--anchorUpCenter euiPopover-isOpen"
    >
      <div
        className="euiPopover__anchor"
      >
        <button
          className="euiButtonIcon euiButtonIcon--primary euiButtonIcon--empty euiButtonIcon--xSmall"
          disabled={false}
          onClick={[Function]}
          type="button"
        >
          <svg
            aria-hidden={true}
            className="euiIcon euiIcon--medium euiIcon--inherit euiIcon-isLoading euiButtonIcon__icon"
            focusable="false"
            height={16}
            role="img"
            style={null}
            viewBox="0 0 16 16"
            width={16}
            xmlns="http://www.w3.org/2000/svg"
          />
        </button>
      </div>
      <Portal
        containerInfo={
          <div>
            <div
              data-focus-guard="true"
              style="width: 1px; height: 0px; padding: 0px; overflow: hidden; position: fixed; top: 1px; left: 1px;"
              tabindex="-1"
            />
            <div
              data-focus-lock-disabled="disabled"
            >
              <div
                aria-describedby="random_html_id"
                aria-live="off"
                aria-modal="true"
                class="euiPanel euiPanel--paddingMedium euiPanel--borderRadiusMedium euiPanel--plain euiPanel--noShadow euiPopover__panel euiPopover__panel--top euiPopover__panel-isOpen"
                data-autofocus="true"
                role="dialog"
                style="top: -16px; left: -22px; will-change: transform, opacity; z-index: 2000;"
                tabindex="0"
              >
                <div
                  class="euiPopover__panelArrow euiPopover__panelArrow--top"
                  style="left: 10px; top: 0px;"
                />
                <p
                  class="euiScreenReaderOnly"
                  id="random_html_id"
                >
                  You are in a dialog. To close this dialog, hit escape.
                </p>
                <div>
                  <h3
                    class="euiTitle euiTitle--xxsmall"
                  >
                    Pattern regex
                  </h3>
                  <div
                    class="euiText euiText--small"
                  >
                    Log patterns allow you to cluster your logs, to help
                  </div>
                  <div
                    class="euiText euiText--small"
                  >
                    summarize large volume of logs.
                  </div>
                  <div
                    class="euiSpacer euiSpacer--s"
                  />
                  <div
                    class="euiFormRow"
                    id="random_html_id-row"
                  >
                    <div
                      class="euiFormRow__fieldWrapper"
                    >
                      <div
                        class="euiFormControlLayout"
                      >
                        <div
                          class="euiFormControlLayout__childrenWrapper"
                        >
                          <input
                            aria-describedby="random_html_id-help-0"
                            class="euiFieldText"
                            id="random_html_id"
                            type="text"
                            value="[a-zA-Zd]"
                          />
                        </div>
                      </div>
                      <div
                        class="euiFormHelpText euiFormRow__text"
                        id="random_html_id-help-0"
                      >
                        <div
                          class="euiText euiText--small"
                        >
                          Pattern regex is used to reduce logs into log groups.
                           
                          <a
                            class="euiLink euiLink--primary"
                            href="https://github.com/opensearch-project/sql/blob/2.x/docs/user/ppl/cmd/patterns.rst#description"
                            rel="noopener noreferrer"
                            target="_blank"
                          >
                            help
                            <svg
                              aria-hidden="true"
                              aria-label="External link"
                              class="euiIcon euiIcon--small euiIcon-isLoading euiLink__externalIcon"
                              focusable="false"
                              height="16"
                              role="img"
                              viewBox="0 0 16 16"
                              width="16"
                              xmlns="http://www.w3.org/2000/svg"
                            />
                            <span
                              class="euiScreenReaderOnly"
                            >
                              (opens in a new tab or window)
                            </span>
                          </a>
                        </div>
                      </div>
                    </div>
                  </div>
                  <div
                    class="euiPopoverFooter"
                  >
                    <div
                      class="euiFlexGroup euiFlexGroup--gutterLarge euiFlexGroup--justifyContentFlexEnd euiFlexGroup--directionRow euiFlexGroup--responsive"
                    >
                      <div
                        class="euiFlexItem euiFlexItem--flexGrowZero"
                      >
                        <button
                          class="euiButtonEmpty euiButtonEmpty--primary euiButtonEmpty--small"
                          type="button"
                        >
                          <span
                            class="euiButtonContent euiButtonEmpty__content"
                          >
                            <span
                              class="euiButtonEmpty__text"
                            >
                              Cancel
                            </span>
                          </span>
                        </button>
                      </div>
                      <div
                        class="euiFlexItem euiFlexItem--flexGrowZero"
                      >
                        <button
                          class="euiButton euiButton--primary euiButton--small euiButton--fill"
                          type="button"
                        >
                          <span
                            class="euiButtonContent euiButton__content"
                          >
                            <span
                              class="euiButton__text"
                            >
                              Apply
                            </span>
                          </span>
                        </button>
                      </div>
                    </div>
                  </div>
                </div>
              </div>
            </div>
            <div
              data-focus-guard="true"
              style="width: 1px; height: 0px; padding: 0px; overflow: hidden; position: fixed; top: 1px; left: 1px;"
              tabindex="-1"
            />
          </div>
        }
      >
        Array [
          <div
            data-focus-guard={true}
            key="guard-first"
            style={
              Object {
                "height": "0px",
                "left": "1px",
                "overflow": "hidden",
                "padding": 0,
                "position": "fixed",
                "top": "1px",
                "width": "1px",
              }
            }
            tabIndex={-1}
          />,
          <div
            data-focus-lock-disabled="disabled"
            onBlur={[Function]}
            onFocus={[Function]}
            onScrollCapture={[Function]}
            onTouchMoveCapture={[Function]}
            onWheelCapture={[Function]}
          >
            <div
              aria-describedby="random_html_id"
              aria-live="off"
              aria-modal="true"
              className="euiPanel euiPanel--paddingMedium euiPanel--borderRadiusMedium euiPanel--plain euiPanel--noShadow euiPopover__panel euiPopover__panel--top euiPopover__panel-isOpen"
              role="dialog"
              style={
                Object {
                  "left": -22,
                  "top": -16,
                  "willChange": "transform, opacity",
                  "zIndex": 2000,
                }
              }
              tabIndex={0}
            >
              <div
                className="euiPopover__panelArrow euiPopover__panelArrow--top"
                style={
                  Object {
                    "left": 10,
                    "top": 0,
                  }
                }
              />
              <p
                className="euiScreenReaderOnly"
                id="random_html_id"
              >
                You are in a dialog. To close this dialog, hit escape.
              </p>
              <div>
                <h3
                  className="euiTitle euiTitle--xxsmall"
                >
                  Pattern regex
                </h3>
                <div
                  className="euiText euiText--small"
                >
                  Log patterns allow you to cluster your logs, to help
                </div>
                <div
                  className="euiText euiText--small"
                >
                  summarize large volume of logs.
                </div>
                <div
                  className="euiSpacer euiSpacer--s"
                />
                <div
                  className="euiFormRow"
                  id="random_html_id-row"
                >
                  <div
                    className="euiFormRow__fieldWrapper"
                  >
                    <div
                      className="euiFormControlLayout"
                    >
                      <div
                        className="euiFormControlLayout__childrenWrapper"
                      >
                        <input
                          aria-describedby="random_html_id-help-0"
                          className="euiFieldText"
                          id="random_html_id"
                          onBlur={[Function]}
                          onChange={[Function]}
                          onFocus={[Function]}
                          type="text"
                          value="[a-zA-Zd]"
                        />
                      </div>
                    </div>
                    <div
                      className="euiFormHelpText euiFormRow__text"
                      id="random_html_id-help-0"
                    >
                      <div
                        className="euiText euiText--small"
                      >
                        Pattern regex is used to reduce logs into log groups.
                         
                        <a
                          className="euiLink euiLink--primary"
                          href="https://github.com/opensearch-project/sql/blob/2.x/docs/user/ppl/cmd/patterns.rst#description"
                          rel="noopener noreferrer"
                          target="_blank"
                        >
                          help
                          <svg
                            aria-hidden={true}
                            aria-label="External link"
                            className="euiIcon euiIcon--small euiIcon-isLoading euiLink__externalIcon"
                            focusable="false"
                            height={16}
                            role="img"
                            style={null}
                            viewBox="0 0 16 16"
                            width={16}
                            xmlns="http://www.w3.org/2000/svg"
                          />
                          <span
                            className="euiScreenReaderOnly"
                          >
                            (opens in a new tab or window)
                          </span>
                        </a>
                      </div>
                    </div>
                  </div>
                </div>
                <div
                  className="euiPopoverFooter"
                >
                  <div
                    className="euiFlexGroup euiFlexGroup--gutterLarge euiFlexGroup--justifyContentFlexEnd euiFlexGroup--directionRow euiFlexGroup--responsive"
                  >
                    <div
                      className="euiFlexItem euiFlexItem--flexGrowZero"
                    >
                      <button
                        className="euiButtonEmpty euiButtonEmpty--primary euiButtonEmpty--small"
                        disabled={false}
                        onClick={[Function]}
                        type="button"
                      >
                        <span
                          className="euiButtonContent euiButtonEmpty__content"
                        >
                          <span
                            className="euiButtonEmpty__text"
                          >
                            Cancel
                          </span>
                        </span>
                      </button>
                    </div>
                    <div
                      className="euiFlexItem euiFlexItem--flexGrowZero"
                    >
                      <button
                        className="euiButton euiButton--primary euiButton--small euiButton--fill"
                        disabled={false}
                        onClick={[Function]}
                        style={
                          Object {
                            "minWidth": undefined,
                          }
                        }
                        type="button"
                      >
                        <span
                          className="euiButtonContent euiButton__content"
                        >
                          <span
                            className="euiButton__text"
                          >
                            Apply
                          </span>
                        </span>
                      </button>
                    </div>
                  </div>
                </div>
              </div>
            </div>
          </div>,
          <div
            data-focus-guard={true}
            style={
              Object {
                "height": "0px",
                "left": "1px",
                "overflow": "hidden",
                "padding": 0,
                "position": "fixed",
                "top": "1px",
                "width": "1px",
              }
            }
            tabIndex={-1}
          />,
        ]
      </Portal>
    </div>
  </div>
</div>
`;
