// Jest Snapshot v1, https://goo.gl/fbAQLP

exports[`Panel Grid Component renders panel grid component with empty visualizations 1`] = `
<PanelGrid
  chrome={
    Object {
      "addApplicationClass": [MockFunction],
      "docTitle": Object {
        "change": [MockFunction],
        "reset": [MockFunction],
      },
      "getApplicationClasses$": [MockFunction],
      "getBadge$": [MockFunction],
      "getBreadcrumbs$": [MockFunction],
      "getCustomNavLink$": [MockFunction],
      "getHeaderComponent": [MockFunction],
      "getHelpExtension$": [MockFunction],
      "getIsNavDrawerLocked$": [MockFunction] {
        "calls": Array [
          Array [],
          Array [],
          Array [],
        ],
        "results": Array [
          Object {
            "type": "return",
            "value": BehaviorSubject {
              "_isScalar": false,
              "_value": false,
              "closed": false,
              "hasError": false,
              "isStopped": false,
              "observers": Array [
                Subscriber {
                  "_parentOrParents": null,
                  "_subscriptions": Array [
                    SubjectSubscription {
                      "_parentOrParents": [Circular],
                      "_subscriptions": null,
                      "closed": false,
                      "subject": [Circular],
                      "subscriber": [Circular],
                    },
                  ],
                  "closed": false,
                  "destination": SafeSubscriber {
                    "_complete": undefined,
                    "_context": [Circular],
                    "_error": undefined,
                    "_next": [Function],
                    "_parentOrParents": null,
                    "_parentSubscriber": [Circular],
                    "_subscriptions": null,
                    "closed": false,
                    "destination": Object {
                      "closed": true,
                      "complete": [Function],
                      "error": [Function],
                      "next": [Function],
                    },
                    "isStopped": false,
                    "syncErrorThrowable": false,
                    "syncErrorThrown": false,
                    "syncErrorValue": null,
                  },
                  "isStopped": false,
                  "syncErrorThrowable": true,
                  "syncErrorThrown": false,
                  "syncErrorValue": null,
                },
              ],
              "thrownError": null,
            },
          },
          Object {
            "type": "return",
            "value": BehaviorSubject {
              "_isScalar": false,
              "_value": false,
              "closed": false,
              "hasError": false,
              "isStopped": false,
              "observers": Array [
                Subscriber {
                  "_parentOrParents": null,
                  "_subscriptions": Array [
                    SubjectSubscription {
                      "_parentOrParents": [Circular],
                      "_subscriptions": null,
                      "closed": false,
                      "subject": [Circular],
                      "subscriber": [Circular],
                    },
                  ],
                  "closed": false,
                  "destination": SafeSubscriber {
                    "_complete": undefined,
                    "_context": [Circular],
                    "_error": undefined,
                    "_next": [Function],
                    "_parentOrParents": null,
                    "_parentSubscriber": [Circular],
                    "_subscriptions": null,
                    "closed": false,
                    "destination": Object {
                      "closed": true,
                      "complete": [Function],
                      "error": [Function],
                      "next": [Function],
                    },
                    "isStopped": false,
                    "syncErrorThrowable": false,
                    "syncErrorThrown": false,
                    "syncErrorValue": null,
                  },
                  "isStopped": false,
                  "syncErrorThrowable": true,
                  "syncErrorThrown": false,
                  "syncErrorValue": null,
                },
              ],
              "thrownError": null,
            },
          },
          Object {
            "type": "return",
            "value": BehaviorSubject {
              "_isScalar": false,
              "_value": false,
              "closed": false,
              "hasError": false,
              "isStopped": false,
              "observers": Array [
                Subscriber {
                  "_parentOrParents": null,
                  "_subscriptions": Array [
                    SubjectSubscription {
                      "_parentOrParents": [Circular],
                      "_subscriptions": null,
                      "closed": false,
                      "subject": [Circular],
                      "subscriber": [Circular],
                    },
                  ],
                  "closed": false,
                  "destination": SafeSubscriber {
                    "_complete": undefined,
                    "_context": [Circular],
                    "_error": undefined,
                    "_next": [Function],
                    "_parentOrParents": null,
                    "_parentSubscriber": [Circular],
                    "_subscriptions": null,
                    "closed": false,
                    "destination": Object {
                      "closed": true,
                      "complete": [Function],
                      "error": [Function],
                      "next": [Function],
                    },
                    "isStopped": false,
                    "syncErrorThrowable": false,
                    "syncErrorThrown": false,
                    "syncErrorValue": null,
                  },
                  "isStopped": false,
                  "syncErrorThrowable": true,
                  "syncErrorThrown": false,
                  "syncErrorValue": null,
                },
              ],
              "thrownError": null,
            },
          },
        ],
      },
      "getIsVisible$": [MockFunction],
      "logos": Object {
        "AnimatedMark": Object {
          "dark": Object {
            "type": "default",
            "url": "/ui/logos/opensearch_spinner_on_dark.svg",
          },
          "light": Object {
            "type": "default",
            "url": "/ui/logos/opensearch_spinner_on_light.svg",
          },
          "type": "default",
          "url": "/ui/logos/opensearch_spinner_on_light.svg",
        },
        "Application": Object {
          "dark": Object {
            "type": "default",
            "url": "/ui/logos/opensearch_dashboards_on_dark.svg",
          },
          "light": Object {
            "type": "default",
            "url": "/ui/logos/opensearch_dashboards_on_light.svg",
          },
          "type": "default",
          "url": "/ui/logos/opensearch_dashboards_on_light.svg",
        },
        "CenterMark": Object {
          "dark": Object {
            "type": "default",
            "url": "/ui/logos/opensearch_center_mark_on_dark.svg",
          },
          "light": Object {
            "type": "default",
            "url": "/ui/logos/opensearch_center_mark_on_light.svg",
          },
          "type": "default",
          "url": "/ui/logos/opensearch_center_mark_on_light.svg",
        },
        "Mark": Object {
          "dark": Object {
            "type": "default",
            "url": "/ui/logos/opensearch_mark_on_dark.svg",
          },
          "light": Object {
            "type": "default",
            "url": "/ui/logos/opensearch_mark_on_light.svg",
          },
          "type": "default",
          "url": "/ui/logos/opensearch_mark_on_light.svg",
        },
        "OpenSearch": Object {
          "dark": Object {
            "type": "default",
            "url": "/ui/logos/opensearch_on_dark.svg",
          },
          "light": Object {
            "type": "default",
            "url": "/ui/logos/opensearch_on_light.svg",
          },
          "type": "default",
          "url": "/ui/logos/opensearch_on_light.svg",
        },
        "colorScheme": "light",
      },
      "navControls": Object {
        "getCenter$": [MockFunction],
        "getLeft$": [MockFunction],
        "getRight$": [MockFunction],
        "registerCenter": [MockFunction],
        "registerLeft": [MockFunction],
        "registerRight": [MockFunction],
      },
      "navLinks": Object {
        "enableForcedAppSwitcherNavigation": [MockFunction],
        "get": [MockFunction],
        "getAll": [MockFunction],
        "getForceAppSwitcherNavigation$": [MockFunction],
        "getNavLinks$": [MockFunction],
        "has": [MockFunction],
        "showOnly": [MockFunction],
        "update": [MockFunction],
      },
      "recentlyAccessed": Object {
        "add": [MockFunction],
        "get": [MockFunction],
        "get$": [MockFunction],
      },
      "removeApplicationClass": [MockFunction],
      "setAppTitle": [MockFunction],
      "setBadge": [MockFunction],
      "setBreadcrumbs": [MockFunction],
      "setCustomNavLink": [MockFunction],
      "setHelpExtension": [MockFunction],
      "setHelpSupportUrl": [MockFunction],
      "setIsVisible": [MockFunction],
    }
  }
  cloneVisualization={[MockFunction]}
  editActionType=""
  editMode={false}
  endTime="now"
  http={[MockFunction]}
  onEditClick={[Function]}
  onRefresh={false}
  panelId=""
  panelVisualizations={Array []}
  pplFilterValue=""
  pplService={
    PPLService {
      "fetch": [Function],
      "http": [MockFunction],
    }
  }
  setPanelVisualizations={[MockFunction]}
  showFlyout={[MockFunction]}
  startTime="now-15m"
>
  <WidthProvider
    breakpoints={
      Object {
        "lg": 1200,
        "md": 996,
        "sm": 768,
        "xs": 480,
        "xxs": 0,
      }
    }
    className="layout full-width"
    cols={
      Object {
        "lg": 12,
        "md": 12,
        "sm": 12,
        "xs": 1,
        "xxs": 1,
      }
    }
    draggableHandle=".mouseGrabber"
    layouts={
      Object {
        "lg": Array [],
        "md": Array [],
        "sm": Array [],
      }
    }
    measureBeforeMount={false}
    onLayoutChange={[Function]}
  >
    <ResponsiveReactGridLayout
      breakpoints={
        Object {
          "lg": 1200,
          "md": 996,
          "sm": 768,
          "xs": 480,
          "xxs": 0,
        }
      }
      className="layout full-width"
      cols={
        Object {
          "lg": 12,
          "md": 12,
          "sm": 12,
          "xs": 1,
          "xxs": 1,
        }
      }
      draggableHandle=".mouseGrabber"
      layouts={
        Object {
          "lg": Array [],
          "md": Array [],
          "sm": Array [],
        }
      }
      onBreakpointChange={[Function]}
      onLayoutChange={[Function]}
      onWidthChange={[Function]}
      width={0}
    >
      <ReactGridLayout
        autoSize={true}
        className="layout full-width"
        cols={1}
        compactType="vertical"
        containerPadding={null}
        draggableCancel=""
        draggableHandle=".mouseGrabber"
        isDraggable={true}
        isResizable={true}
        layout={Array []}
        margin={
          Array [
            10,
            10,
          ]
        }
        maxRows={Infinity}
        onDrag={[Function]}
        onDragStart={[Function]}
        onDragStop={[Function]}
        onLayoutChange={[Function]}
        onResize={[Function]}
        onResizeStart={[Function]}
        onResizeStop={[Function]}
        preventCollision={false}
        rowHeight={150}
        style={Object {}}
        useCSSTransforms={true}
        verticalCompact={true}
        width={0}
      >
        <div
          className="react-grid-layout layout full-width"
          style={
            Object {
              "height": "10px",
            }
          }
        />
      </ReactGridLayout>
    </ResponsiveReactGridLayout>
  </WidthProvider>
</PanelGrid>
`;
