// Jest Snapshot v1, https://goo.gl/fbAQLP

exports[`<Notebook /> spec Renders the empty component 1`] = `
<div
  style="float: left; width: 100%; max-width: 1500px;"
>
  <div
    class="euiPage euiPage--paddingMedium euiPage--grow"
  >
    <div
      class="euiPageBody euiPageBody--borderRadiusNone"
    >
      <div
        class="euiFlexGroup euiFlexGroup--gutterSmall euiFlexGroup--justifyContentFlexEnd euiFlexGroup--directionRow euiFlexGroup--responsive"
      >
        <div
          class="euiFlexItem"
        />
        <div
          class="euiFlexItem euiFlexItem--flexGrowZero"
        />
        <div
          class="euiFlexItem euiFlexItem--flexGrowZero"
        />
        <div
          class="euiFlexItem euiFlexItem--flexGrowZero"
        >
          <div
            class="euiPopover euiPopover--anchorDownCenter"
          >
            <div
              class="euiPopover__anchor"
            >
              <button
                class="euiButton euiButton--primary"
                data-test-subj="notebook-paragraph-actions-button"
                type="button"
              >
                <span
                  class="euiButtonContent euiButtonContent--iconRight euiButton__content"
                >
                  <svg
                    aria-hidden="true"
                    class="euiIcon euiIcon--medium euiIcon--inherit euiIcon-isLoading euiButtonContent__icon"
                    focusable="false"
                    height="16"
                    role="img"
                    viewBox="0 0 16 16"
                    width="16"
                    xmlns="http://www.w3.org/2000/svg"
                  >
                    <path
                      d="M5.277 10.088c.02.014.04.03.057.047.582.55 1.134.812 1.666.812.586 0 1.84-.293 3.713-.88L9 6.212V2H7v4.212l-1.723 3.876Zm-.438.987L3.539 14h8.922l-1.32-2.969C9.096 11.677 7.733 12 7 12c-.74 0-1.463-.315-2.161-.925ZM6 2H5V1h6v1h-1v4l3.375 7.594A1 1 0 0 1 12.461 15H3.54a1 1 0 0 1-.914-1.406L6 6V2Z"
                    />
                  </svg>
                  <span
                    class="euiButton__text"
                  >
                    Paragraph actions
                  </span>
                </span>
              </button>
            </div>
          </div>
        </div>
        <div
          class="euiFlexItem euiFlexItem--flexGrowZero"
        >
          <div>
            <div
              class="euiPopover euiPopover--anchorDownCenter"
            >
              <div
                class="euiPopover__anchor"
              >
                <button
                  class="euiButton euiButton--primary"
                  id="reportingActionsButton"
                  type="button"
                >
                  <span
                    class="euiButtonContent euiButtonContent--iconRight euiButton__content"
                  >
                    <svg
                      aria-hidden="true"
                      class="euiIcon euiIcon--medium euiIcon--inherit euiButtonContent__icon"
                      focusable="false"
                      height="16"
                      role="img"
                      viewBox="0 0 16 16"
                      width="16"
                      xmlns="http://www.w3.org/2000/svg"
                    >
                      <path
                        d="M13.069 5.157 8.384 9.768a.546.546 0 0 1-.768 0L2.93 5.158a.552.552 0 0 0-.771 0 .53.53 0 0 0 0 .759l4.684 4.61c.641.631 1.672.63 2.312 0l4.684-4.61a.53.53 0 0 0 0-.76.552.552 0 0 0-.771 0Z"
                        fill-rule="non-zero"
                      />
                    </svg>
                    <span
                      class="euiButton__text"
                    >
                      Reporting actions
                    </span>
                  </span>
                </button>
              </div>
            </div>
          </div>
        </div>
        <div
          class="euiFlexItem euiFlexItem--flexGrowZero"
        >
          <div
            class="euiPopover euiPopover--anchorDownCenter"
          >
            <div
              class="euiPopover__anchor"
            >
              <button
                class="euiButton euiButton--primary"
                data-test-subj="notebook-notebook-actions-button"
                type="button"
              >
                <span
                  class="euiButtonContent euiButtonContent--iconRight euiButton__content"
                >
                  <svg
                    aria-hidden="true"
                    class="euiIcon euiIcon--medium euiIcon--inherit euiIcon-isLoading euiButtonContent__icon"
                    focusable="false"
                    height="16"
                    role="img"
                    viewBox="0 0 16 16"
                    width="16"
                    xmlns="http://www.w3.org/2000/svg"
                  >
                    <path
                      d="M5.277 10.088c.02.014.04.03.057.047.582.55 1.134.812 1.666.812.586 0 1.84-.293 3.713-.88L9 6.212V2H7v4.212l-1.723 3.876Zm-.438.987L3.539 14h8.922l-1.32-2.969C9.096 11.677 7.733 12 7 12c-.74 0-1.463-.315-2.161-.925ZM6 2H5V1h6v1h-1v4l3.375 7.594A1 1 0 0 1 12.461 15H3.54a1 1 0 0 1-.914-1.406L6 6V2Z"
                    />
                  </svg>
                  <span
                    class="euiButton__text"
                  >
                    Notebook actions
                  </span>
                </span>
              </button>
            </div>
          </div>
        </div>
      </div>
      <div
        class="euiSpacer euiSpacer--s"
      />
      <h1
        class="euiTitle euiTitle--large"
      >
        sample-notebook-1
      </h1>
      <div
        class="euiSpacer euiSpacer--m"
      />
      <div
        class="euiFlexGroup euiFlexGroup--gutterLarge euiFlexGroup--alignItemsFlexStart euiFlexGroup--directionRow euiFlexGroup--responsive"
      >
        <div
          class="euiFlexItem euiFlexItem--flexGrowZero"
        >
          <div
            class="euiText euiText--medium"
          >
            <div>
              <p>
                Created 
                <br />
                 
                12/14/2023 06:49 PM
              </p>
            </div>
          </div>
        </div>
      </div>
      <div
        style="float: left; width: 100%; max-width: 1130px; margin-top: 20px;"
      >
        <div
          class="euiPanel euiPanel--paddingMedium euiPanel--borderRadiusMedium euiPanel--plain euiPanel--hasShadow"
        >
          <div
            class="euiSpacer euiSpacer--xxl"
          />
          <div
            class="euiText euiText--medium"
          >
            <div
              class="euiTextAlign euiTextAlign--center"
            >
              <h2>
                No paragraphs
              </h2>
              <div
                class="euiText euiText--medium"
              >
                Add a paragraph to compose your document or story. Notebooks now support two types of input:
              </div>
            </div>
          </div>
          <div
            class="euiSpacer euiSpacer--xl"
          />
          <div
            class="euiFlexGroup euiFlexGroup--gutterLarge euiFlexGroup--justifyContentSpaceEvenly euiFlexGroup--directionRow euiFlexGroup--responsive"
          >
            <div
              class="euiFlexItem euiFlexItem--flexGrow2"
            />
            <div
              class="euiFlexItem euiFlexItem--flexGrow3"
            >
              <div
                class="euiPanel euiPanel--paddingMedium euiPanel--borderRadiusMedium euiPanel--plain euiPanel--hasShadow euiCard euiCard--centerAligned euiCard--hasIcon"
              >
                <div
                  class="euiCard__top"
                >
                  <svg
                    aria-hidden="true"
                    class="euiIcon euiIcon--xxLarge euiIcon-isLoading euiCard__icon"
                    focusable="false"
                    height="16"
                    role="img"
                    viewBox="0 0 16 16"
                    width="16"
                    xmlns="http://www.w3.org/2000/svg"
                  >
                    <path
                      d="M5.277 10.088c.02.014.04.03.057.047.582.55 1.134.812 1.666.812.586 0 1.84-.293 3.713-.88L9 6.212V2H7v4.212l-1.723 3.876Zm-.438.987L3.539 14h8.922l-1.32-2.969C9.096 11.677 7.733 12 7 12c-.74 0-1.463-.315-2.161-.925ZM6 2H5V1h6v1h-1v4l3.375 7.594A1 1 0 0 1 12.461 15H3.54a1 1 0 0 1-.914-1.406L6 6V2Z"
                    />
                  </svg>
                </div>
                <div
                  class="euiCard__content"
                >
                  <span
                    class="euiTitle euiTitle--small euiCard__title"
                    id="random_html_idTitle"
                  >
                    Code block
                  </span>
                  <div
                    class="euiText euiText--small euiCard__description"
                    id="random_html_idDescription"
                  >
                    <p>
                      Write contents directly using markdown, SQL or PPL.
                    </p>
                  </div>
                </div>
                <div
                  class="euiCard__footer"
                >
                  <button
                    class="euiButton euiButton--primary"
                    style="margin-bottom: 17px;"
                    type="button"
                  >
                    <span
                      class="euiButtonContent euiButton__content"
                    >
                      <span
                        class="euiButton__text"
                      >
                        Add code block
                      </span>
                    </span>
                  </button>
                </div>
              </div>
            </div>
            <div
              class="euiFlexItem euiFlexItem--flexGrow3"
            >
              <div
                class="euiPanel euiPanel--paddingMedium euiPanel--borderRadiusMedium euiPanel--plain euiPanel--hasShadow euiCard euiCard--centerAligned euiCard--hasIcon"
              >
                <div
                  class="euiCard__top"
                >
                  <svg
                    aria-hidden="true"
                    class="euiIcon euiIcon--xxLarge euiIcon-isLoading euiCard__icon"
                    focusable="false"
                    height="16"
                    role="img"
                    viewBox="0 0 16 16"
                    width="16"
                    xmlns="http://www.w3.org/2000/svg"
                  >
                    <path
                      d="M5.277 10.088c.02.014.04.03.057.047.582.55 1.134.812 1.666.812.586 0 1.84-.293 3.713-.88L9 6.212V2H7v4.212l-1.723 3.876Zm-.438.987L3.539 14h8.922l-1.32-2.969C9.096 11.677 7.733 12 7 12c-.74 0-1.463-.315-2.161-.925ZM6 2H5V1h6v1h-1v4l3.375 7.594A1 1 0 0 1 12.461 15H3.54a1 1 0 0 1-.914-1.406L6 6V2Z"
                    />
                  </svg>
                </div>
                <div
                  class="euiCard__content"
                >
                  <span
                    class="euiTitle euiTitle--small euiCard__title"
                    id="random_html_idTitle"
                  >
                    Visualization
                  </span>
                  <div
                    class="euiText euiText--small euiCard__description"
                    id="random_html_idDescription"
                  >
                    <p>
                      Import OpenSearch Dashboards or Observability visualizations to the notes.
                    </p>
                  </div>
                </div>
                <div
                  class="euiCard__footer"
                >
                  <button
                    class="euiButton euiButton--primary"
                    style="margin-bottom: 17px;"
                    type="button"
                  >
                    <span
                      class="euiButtonContent euiButton__content"
                    >
                      <span
                        class="euiButton__text"
                      >
                        Add visualization
                      </span>
                    </span>
                  </button>
                </div>
              </div>
            </div>
            <div
              class="euiFlexItem euiFlexItem--flexGrow2"
            />
          </div>
          <div
            class="euiSpacer euiSpacer--xxl"
          />
        </div>
      </div>
    </div>
  </div>
</div>
`;

exports[`<Notebook /> spec Renders the visualization component 1`] = `
<div
  style="float: left; width: 100%; max-width: 1500px;"
>
  <div
    class="euiPage euiPage--paddingMedium euiPage--grow"
  >
    <div
      class="euiPageBody euiPageBody--borderRadiusNone"
    >
      <div
        class="euiFlexGroup euiFlexGroup--gutterSmall euiFlexGroup--justifyContentFlexEnd euiFlexGroup--directionRow euiFlexGroup--responsive"
      >
        <div
          class="euiFlexItem"
        />
        <div
          class="euiFlexItem euiFlexItem--flexGrowZero"
        />
        <div
          class="euiFlexItem euiFlexItem--flexGrowZero"
        />
        <div
          class="euiFlexItem euiFlexItem--flexGrowZero"
        >
          <div
            class="euiPopover euiPopover--anchorDownCenter"
          >
            <div
              class="euiPopover__anchor"
            >
              <button
                class="euiButton euiButton--primary"
                data-test-subj="notebook-paragraph-actions-button"
                type="button"
              >
                <span
                  class="euiButtonContent euiButtonContent--iconRight euiButton__content"
                >
                  <svg
                    aria-hidden="true"
                    class="euiIcon euiIcon--medium euiIcon--inherit euiButtonContent__icon"
                    focusable="false"
                    height="16"
                    role="img"
                    viewBox="0 0 16 16"
                    width="16"
                    xmlns="http://www.w3.org/2000/svg"
                  >
                    <path
                      d="M13.069 5.157 8.384 9.768a.546.546 0 0 1-.768 0L2.93 5.158a.552.552 0 0 0-.771 0 .53.53 0 0 0 0 .759l4.684 4.61c.641.631 1.672.63 2.312 0l4.684-4.61a.53.53 0 0 0 0-.76.552.552 0 0 0-.771 0Z"
                      fill-rule="non-zero"
                    />
                  </svg>
                  <span
                    class="euiButton__text"
                  >
                    Paragraph actions
                  </span>
                </span>
              </button>
            </div>
          </div>
        </div>
        <div
          class="euiFlexItem euiFlexItem--flexGrowZero"
        />
        <div
          class="euiFlexItem euiFlexItem--flexGrowZero"
        >
          <div
            class="euiPopover euiPopover--anchorDownCenter"
          >
            <div
              class="euiPopover__anchor"
            >
              <button
                class="euiButton euiButton--primary"
                data-test-subj="notebook-notebook-actions-button"
                type="button"
              >
                <span
                  class="euiButtonContent euiButtonContent--iconRight euiButton__content"
                >
                  <svg
                    aria-hidden="true"
                    class="euiIcon euiIcon--medium euiIcon--inherit euiButtonContent__icon"
                    focusable="false"
                    height="16"
                    role="img"
                    viewBox="0 0 16 16"
                    width="16"
                    xmlns="http://www.w3.org/2000/svg"
                  >
                    <path
                      d="M13.069 5.157 8.384 9.768a.546.546 0 0 1-.768 0L2.93 5.158a.552.552 0 0 0-.771 0 .53.53 0 0 0 0 .759l4.684 4.61c.641.631 1.672.63 2.312 0l4.684-4.61a.53.53 0 0 0 0-.76.552.552 0 0 0-.771 0Z"
                      fill-rule="non-zero"
                    />
                  </svg>
                  <span
                    class="euiButton__text"
                  >
                    Notebook actions
                  </span>
                </span>
              </button>
            </div>
          </div>
        </div>
      </div>
      <div
        class="euiSpacer euiSpacer--s"
      />
      <h1
        class="euiTitle euiTitle--large"
      />
      <div
        class="euiSpacer euiSpacer--m"
      />
      <div
        class="euiFlexGroup euiFlexGroup--gutterLarge euiFlexGroup--alignItemsFlexStart euiFlexGroup--directionRow euiFlexGroup--responsive"
      >
        <div
          class="euiFlexItem euiFlexItem--flexGrowZero"
        >
          <div
            class="euiText euiText--medium"
          >
            <div>
              <p>
                Created 
                <br />
                 
                Invalid date
              </p>
            </div>
          </div>
        </div>
      </div>
      <div
        style="float: left; width: 100%; max-width: 1130px; margin-top: 20px;"
      >
        <div
          class="euiPanel euiPanel--paddingMedium euiPanel--borderRadiusMedium euiPanel--plain euiPanel--hasShadow"
        >
          <div
            class="euiSpacer euiSpacer--xxl"
          />
          <div
            class="euiText euiText--medium"
          >
            <div
              class="euiTextAlign euiTextAlign--center"
            >
              <h2>
                No paragraphs
              </h2>
              <div
                class="euiText euiText--medium"
              >
                Add a paragraph to compose your document or story. Notebooks now support two types of input:
              </div>
            </div>
          </div>
          <div
            class="euiSpacer euiSpacer--xl"
          />
          <div
            class="euiFlexGroup euiFlexGroup--gutterLarge euiFlexGroup--justifyContentSpaceEvenly euiFlexGroup--directionRow euiFlexGroup--responsive"
          >
            <div
              class="euiFlexItem euiFlexItem--flexGrow2"
            />
            <div
              class="euiFlexItem euiFlexItem--flexGrow3"
            >
              <div
                class="euiPanel euiPanel--paddingMedium euiPanel--borderRadiusMedium euiPanel--plain euiPanel--hasShadow euiCard euiCard--centerAligned euiCard--hasIcon"
              >
                <div
                  class="euiCard__top"
                >
                  <svg
                    aria-hidden="true"
                    class="euiIcon euiIcon--xxLarge euiCard__icon"
                    focusable="false"
                    height="16"
                    role="img"
                    viewBox="0 0 16 16"
                    width="16"
                    xmlns="http://www.w3.org/2000/svg"
                  >
                    <path
                      d="M2.414 8.036 4.89 10.51a.5.5 0 0 1-.707.708L1.354 8.389a.5.5 0 0 1 0-.707l2.828-2.828a.5.5 0 1 1 .707.707L2.414 8.036Zm8.768 2.474 2.475-2.474-2.475-2.475a.5.5 0 0 1 .707-.707l2.829 2.828a.5.5 0 0 1 0 .707l-2.829 2.829a.5.5 0 1 1-.707-.708ZM8.559 2.506a.5.5 0 0 1 .981.19L7.441 13.494a.5.5 0 0 1-.981-.19L8.559 2.506Z"
                    />
                  </svg>
                </div>
                <div
                  class="euiCard__content"
                >
                  <span
                    class="euiTitle euiTitle--small euiCard__title"
                    id="random_html_idTitle"
                  >
                    Code block
                  </span>
                  <div
                    class="euiText euiText--small euiCard__description"
                    id="random_html_idDescription"
                  >
                    <p>
                      Write contents directly using markdown, SQL or PPL.
                    </p>
                  </div>
                </div>
                <div
                  class="euiCard__footer"
                >
                  <button
                    class="euiButton euiButton--primary"
                    style="margin-bottom: 17px;"
                    type="button"
                  >
                    <span
                      class="euiButtonContent euiButton__content"
                    >
                      <span
                        class="euiButton__text"
                      >
                        Add code block
                      </span>
                    </span>
                  </button>
                </div>
              </div>
            </div>
            <div
              class="euiFlexItem euiFlexItem--flexGrow3"
            >
              <div
                class="euiPanel euiPanel--paddingMedium euiPanel--borderRadiusMedium euiPanel--plain euiPanel--hasShadow euiCard euiCard--centerAligned euiCard--hasIcon"
              >
                <div
                  class="euiCard__top"
                >
                  <svg
                    aria-hidden="true"
                    class="euiIcon euiIcon--xxLarge euiCard__icon"
                    focusable="false"
                    height="16"
                    role="img"
                    viewBox="0 0 16 16"
                    width="16"
                    xmlns="http://www.w3.org/2000/svg"
                  >
                    <path
                      d="M3 13h10V9.913l-2.571-2.826L8.56 8.753a.5.5 0 0 1-.728-.067L4.448 4.317 3 6.191V13Zm5.295-5.35 1.837-1.64a.5.5 0 0 1 .703.037l3.035 3.336a.5.5 0 0 1 .13.337v3.78a.5.5 0 0 1-.5.5h-11a.5.5 0 0 1-.5-.5V6.02a.5.5 0 0 1 .104-.305l1.947-2.52a.5.5 0 0 1 .791-.001L8.295 7.65ZM1 15h13.5a.5.5 0 1 1 0 1H.5a.5.5 0 0 1-.5-.5v-14a.5.5 0 0 1 1 0V15Z"
                    />
                  </svg>
                </div>
                <div
                  class="euiCard__content"
                >
                  <span
                    class="euiTitle euiTitle--small euiCard__title"
                    id="random_html_idTitle"
                  >
                    Visualization
                  </span>
                  <div
                    class="euiText euiText--small euiCard__description"
                    id="random_html_idDescription"
                  >
                    <p>
                      Import OpenSearch Dashboards or Observability visualizations to the notes.
                    </p>
                  </div>
                </div>
                <div
                  class="euiCard__footer"
                >
                  <button
                    class="euiButton euiButton--primary"
                    style="margin-bottom: 17px;"
                    type="button"
                  >
                    <span
                      class="euiButtonContent euiButton__content"
                    >
                      <span
                        class="euiButton__text"
                      >
                        Add visualization
                      </span>
                    </span>
                  </button>
                </div>
              </div>
            </div>
            <div
              class="euiFlexItem euiFlexItem--flexGrow2"
            />
          </div>
          <div
            class="euiSpacer euiSpacer--xxl"
          />
        </div>
      </div>
    </div>
  </div>
</div>
`;

exports[`<Notebook /> spec test reporting action button 1`] = `
<div
  style="float: left; width: 100%; max-width: 1500px;"
>
  <div
    class="euiPage euiPage--paddingMedium euiPage--grow"
  >
    <div
      class="euiPageBody euiPageBody--borderRadiusNone"
    >
      <div
        class="euiFlexGroup euiFlexGroup--gutterSmall euiFlexGroup--justifyContentFlexEnd euiFlexGroup--directionRow euiFlexGroup--responsive"
      >
        <div
          class="euiFlexItem"
        />
        <div
          class="euiFlexItem euiFlexItem--flexGrowZero"
        />
        <div
          class="euiFlexItem euiFlexItem--flexGrowZero"
        />
        <div
          class="euiFlexItem euiFlexItem--flexGrowZero"
        >
          <div
            class="euiPopover euiPopover--anchorDownCenter"
          >
            <div
              class="euiPopover__anchor"
            >
              <button
                class="euiButton euiButton--primary"
                data-test-subj="notebook-paragraph-actions-button"
                type="button"
              >
                <span
                  class="euiButtonContent euiButtonContent--iconRight euiButton__content"
                >
                  <svg
                    aria-hidden="true"
                    class="euiIcon euiIcon--medium euiIcon--inherit euiButtonContent__icon"
                    focusable="false"
                    height="16"
                    role="img"
                    viewBox="0 0 16 16"
                    width="16"
                    xmlns="http://www.w3.org/2000/svg"
                  >
                    <path
                      d="M13.069 5.157 8.384 9.768a.546.546 0 0 1-.768 0L2.93 5.158a.552.552 0 0 0-.771 0 .53.53 0 0 0 0 .759l4.684 4.61c.641.631 1.672.63 2.312 0l4.684-4.61a.53.53 0 0 0 0-.76.552.552 0 0 0-.771 0Z"
                      fill-rule="non-zero"
                    />
                  </svg>
                  <span
                    class="euiButton__text"
                  >
                    Paragraph actions
                  </span>
                </span>
              </button>
            </div>
          </div>
        </div>
        <div
          class="euiFlexItem euiFlexItem--flexGrowZero"
        >
          <div>
            <div
              class="euiPopover euiPopover--anchorDownCenter"
            >
              <div
                class="euiPopover__anchor"
              >
                <button
                  class="euiButton euiButton--primary"
                  id="reportingActionsButton"
                  type="button"
                >
                  <span
                    class="euiButtonContent euiButtonContent--iconRight euiButton__content"
                  >
                    <svg
                      aria-hidden="true"
                      class="euiIcon euiIcon--medium euiIcon--inherit euiButtonContent__icon"
                      focusable="false"
                      height="16"
                      role="img"
                      viewBox="0 0 16 16"
                      width="16"
                      xmlns="http://www.w3.org/2000/svg"
                    >
                      <path
                        d="M13.069 5.157 8.384 9.768a.546.546 0 0 1-.768 0L2.93 5.158a.552.552 0 0 0-.771 0 .53.53 0 0 0 0 .759l4.684 4.61c.641.631 1.672.63 2.312 0l4.684-4.61a.53.53 0 0 0 0-.76.552.552 0 0 0-.771 0Z"
                        fill-rule="non-zero"
                      />
                    </svg>
                    <span
                      class="euiButton__text"
                    >
                      Reporting actions
                    </span>
                  </span>
                </button>
              </div>
            </div>
          </div>
        </div>
        <div
          class="euiFlexItem euiFlexItem--flexGrowZero"
        >
          <div
            class="euiPopover euiPopover--anchorDownCenter"
          >
            <div
              class="euiPopover__anchor"
            >
              <button
                class="euiButton euiButton--primary"
                data-test-subj="notebook-notebook-actions-button"
                type="button"
              >
                <span
                  class="euiButtonContent euiButtonContent--iconRight euiButton__content"
                >
                  <svg
                    aria-hidden="true"
                    class="euiIcon euiIcon--medium euiIcon--inherit euiButtonContent__icon"
                    focusable="false"
                    height="16"
                    role="img"
                    viewBox="0 0 16 16"
                    width="16"
                    xmlns="http://www.w3.org/2000/svg"
                  >
                    <path
                      d="M13.069 5.157 8.384 9.768a.546.546 0 0 1-.768 0L2.93 5.158a.552.552 0 0 0-.771 0 .53.53 0 0 0 0 .759l4.684 4.61c.641.631 1.672.63 2.312 0l4.684-4.61a.53.53 0 0 0 0-.76.552.552 0 0 0-.771 0Z"
                      fill-rule="non-zero"
                    />
                  </svg>
                  <span
                    class="euiButton__text"
                  >
                    Notebook actions
                  </span>
                </span>
              </button>
            </div>
          </div>
        </div>
      </div>
      <div
        class="euiSpacer euiSpacer--s"
      />
      <h1
        class="euiTitle euiTitle--large"
      >
        sample-notebook-1
      </h1>
      <div
        class="euiSpacer euiSpacer--m"
      />
      <div
        class="euiFlexGroup euiFlexGroup--gutterLarge euiFlexGroup--alignItemsFlexStart euiFlexGroup--directionRow euiFlexGroup--responsive"
      >
        <div
          class="euiFlexItem euiFlexItem--flexGrowZero"
        >
          <div
            class="euiText euiText--medium"
          >
            <div>
              <p>
                Created 
                <br />
                 
                12/14/2023 06:49 PM
              </p>
            </div>
          </div>
        </div>
      </div>
      <div
        style="float: left; width: 100%; max-width: 1130px; margin-top: 20px;"
      >
        <div
          class="euiPanel euiPanel--paddingMedium euiPanel--borderRadiusMedium euiPanel--plain euiPanel--hasShadow"
        >
          <div
            class="euiSpacer euiSpacer--xxl"
          />
          <div
            class="euiText euiText--medium"
          >
            <div
              class="euiTextAlign euiTextAlign--center"
            >
              <h2>
                No paragraphs
              </h2>
              <div
                class="euiText euiText--medium"
              >
                Add a paragraph to compose your document or story. Notebooks now support two types of input:
              </div>
            </div>
          </div>
          <div
            class="euiSpacer euiSpacer--xl"
          />
          <div
            class="euiFlexGroup euiFlexGroup--gutterLarge euiFlexGroup--justifyContentSpaceEvenly euiFlexGroup--directionRow euiFlexGroup--responsive"
          >
            <div
              class="euiFlexItem euiFlexItem--flexGrow2"
            />
            <div
              class="euiFlexItem euiFlexItem--flexGrow3"
            >
              <div
                class="euiPanel euiPanel--paddingMedium euiPanel--borderRadiusMedium euiPanel--plain euiPanel--hasShadow euiCard euiCard--centerAligned euiCard--hasIcon"
              >
                <div
                  class="euiCard__top"
                >
                  <svg
                    aria-hidden="true"
                    class="euiIcon euiIcon--xxLarge euiCard__icon"
                    focusable="false"
                    height="16"
                    role="img"
                    viewBox="0 0 16 16"
                    width="16"
                    xmlns="http://www.w3.org/2000/svg"
                  >
                    <path
                      d="M2.414 8.036 4.89 10.51a.5.5 0 0 1-.707.708L1.354 8.389a.5.5 0 0 1 0-.707l2.828-2.828a.5.5 0 1 1 .707.707L2.414 8.036Zm8.768 2.474 2.475-2.474-2.475-2.475a.5.5 0 0 1 .707-.707l2.829 2.828a.5.5 0 0 1 0 .707l-2.829 2.829a.5.5 0 1 1-.707-.708ZM8.559 2.506a.5.5 0 0 1 .981.19L7.441 13.494a.5.5 0 0 1-.981-.19L8.559 2.506Z"
                    />
                  </svg>
                </div>
                <div
                  class="euiCard__content"
                >
                  <span
                    class="euiTitle euiTitle--small euiCard__title"
                    id="random_html_idTitle"
                  >
                    Code block
                  </span>
                  <div
                    class="euiText euiText--small euiCard__description"
                    id="random_html_idDescription"
                  >
                    <p>
                      Write contents directly using markdown, SQL or PPL.
                    </p>
                  </div>
                </div>
                <div
                  class="euiCard__footer"
                >
                  <button
                    class="euiButton euiButton--primary"
                    style="margin-bottom: 17px;"
                    type="button"
                  >
                    <span
                      class="euiButtonContent euiButton__content"
                    >
                      <span
                        class="euiButton__text"
                      >
                        Add code block
                      </span>
                    </span>
                  </button>
                </div>
              </div>
            </div>
            <div
              class="euiFlexItem euiFlexItem--flexGrow3"
            >
              <div
                class="euiPanel euiPanel--paddingMedium euiPanel--borderRadiusMedium euiPanel--plain euiPanel--hasShadow euiCard euiCard--centerAligned euiCard--hasIcon"
              >
                <div
                  class="euiCard__top"
                >
                  <svg
                    aria-hidden="true"
                    class="euiIcon euiIcon--xxLarge euiCard__icon"
                    focusable="false"
                    height="16"
                    role="img"
                    viewBox="0 0 16 16"
                    width="16"
                    xmlns="http://www.w3.org/2000/svg"
                  >
                    <path
                      d="M3 13h10V9.913l-2.571-2.826L8.56 8.753a.5.5 0 0 1-.728-.067L4.448 4.317 3 6.191V13Zm5.295-5.35 1.837-1.64a.5.5 0 0 1 .703.037l3.035 3.336a.5.5 0 0 1 .13.337v3.78a.5.5 0 0 1-.5.5h-11a.5.5 0 0 1-.5-.5V6.02a.5.5 0 0 1 .104-.305l1.947-2.52a.5.5 0 0 1 .791-.001L8.295 7.65ZM1 15h13.5a.5.5 0 1 1 0 1H.5a.5.5 0 0 1-.5-.5v-14a.5.5 0 0 1 1 0V15Z"
                    />
                  </svg>
                </div>
                <div
                  class="euiCard__content"
                >
                  <span
                    class="euiTitle euiTitle--small euiCard__title"
                    id="random_html_idTitle"
                  >
                    Visualization
                  </span>
                  <div
                    class="euiText euiText--small euiCard__description"
                    id="random_html_idDescription"
                  >
                    <p>
                      Import OpenSearch Dashboards or Observability visualizations to the notes.
                    </p>
                  </div>
                </div>
                <div
                  class="euiCard__footer"
                >
                  <button
                    class="euiButton euiButton--primary"
                    style="margin-bottom: 17px;"
                    type="button"
                  >
                    <span
                      class="euiButtonContent euiButton__content"
                    >
                      <span
                        class="euiButton__text"
                      >
                        Add visualization
                      </span>
                    </span>
                  </button>
                </div>
              </div>
            </div>
            <div
              class="euiFlexItem euiFlexItem--flexGrow2"
            />
          </div>
          <div
            class="euiSpacer euiSpacer--xxl"
          />
        </div>
      </div>
    </div>
  </div>
</div>
`;
