// Jest Snapshot v1, https://goo.gl/fbAQLP

exports[`Service breakdown panel component renders empty service breakdown panel 1`] = `
<ServiceBreakdownPanel
  data={Array []}
>
  <EuiPanel>
    <div
      className="euiPanel euiPanel--paddingMedium euiPanel--borderRadiusMedium euiPanel--plain euiPanel--hasShadow"
    >
      <PanelTitle
        data-test-subj="time-spent-by-service-panel"
        title="Time spent by service"
      >
        <EuiText
          size="m"
        >
          <div
            className="euiText euiText--medium"
          >
            <span
              className="panel-title"
            >
              Time spent by service
            </span>
          </div>
        </EuiText>
      </PanelTitle>
      <EuiHorizontalRule
        margin="m"
      >
        <hr
          className="euiHorizontalRule euiHorizontalRule--full euiHorizontalRule--marginMedium"
        />
      </EuiHorizontalRule>
      <EuiFlexGroup
        alignItems="center"
        direction="column"
      >
        <div
          className="euiFlexGroup euiFlexGroup--gutterLarge euiFlexGroup--alignItemsCenter euiFlexGroup--directionColumn euiFlexGroup--responsive"
        >
          <EuiFlexItem>
            <div
              className="euiFlexItem"
            />
          </EuiFlexItem>
          <EuiSpacer>
            <div
              className="euiSpacer euiSpacer--l"
            />
          </EuiSpacer>
          <EuiFlexItem>
            <div
              className="euiFlexItem"
            />
          </EuiFlexItem>
        </div>
      </EuiFlexGroup>
      <EuiSpacer>
        <div
          className="euiSpacer euiSpacer--l"
        />
      </EuiSpacer>
    </div>
  </EuiPanel>
</ServiceBreakdownPanel>
`;

exports[`Service breakdown panel component renders service breakdown panel 1`] = `
<ServiceBreakdownPanel
  data={
    Array [
      Object {
        "hovertemplate": "%{label}<br>%{value:.2f}%<extra></extra>",
        "labels": Array [
          "inventory",
        ],
        "marker": Object {
          "colors": Array [
            "#7492e7",
          ],
        },
        "textinfo": "none",
        "type": "pie",
        "values": Array [
          100,
        ],
      },
    ]
  }
>
  <EuiPanel>
    <div
      className="euiPanel euiPanel--paddingMedium euiPanel--borderRadiusMedium euiPanel--plain euiPanel--hasShadow"
    >
      <PanelTitle
        data-test-subj="time-spent-by-service-panel"
        title="Time spent by service"
      >
        <EuiText
          size="m"
        >
          <div
            className="euiText euiText--medium"
          >
            <span
              className="panel-title"
            >
              Time spent by service
            </span>
          </div>
        </EuiText>
      </PanelTitle>
      <EuiHorizontalRule
        margin="m"
      >
        <hr
          className="euiHorizontalRule euiHorizontalRule--full euiHorizontalRule--marginMedium"
        />
      </EuiHorizontalRule>
      <EuiFlexGroup
        alignItems="center"
        direction="column"
      >
        <div
          className="euiFlexGroup euiFlexGroup--gutterLarge euiFlexGroup--alignItemsCenter euiFlexGroup--directionColumn euiFlexGroup--responsive"
        >
          <EuiFlexItem>
            <div
              className="euiFlexItem"
            >
              <Plt
                data={
                  Array [
                    Object {
                      "hovertemplate": "%{label}<br>%{value:.2f}%<extra></extra>",
                      "labels": Array [
                        "inventory",
                      ],
                      "marker": Object {
                        "colors": Array [
                          "#7492e7",
                        ],
                      },
                      "textinfo": "none",
                      "type": "pie",
                      "values": Array [
                        100,
                      ],
                    },
                  ]
                }
                layout={
                  Object {
                    "height": 200,
                    "margin": Object {
                      "b": 5,
                      "l": 5,
                      "r": 5,
                      "t": 5,
                    },
                    "paper_bgcolor": "rgba(0, 0, 0, 0)",
                    "plot_bgcolor": "rgba(0, 0, 0, 0)",
                    "showlegend": false,
                    "width": 200,
                  }
                }
              >
                <PlotlyComponent
                  config={
                    Object {
                      "displayModeBar": false,
                    }
                  }
                  data={
                    Array [
                      Object {
                        "hovertemplate": "%{label}<br>%{value:.2f}%<extra></extra>",
                        "labels": Array [
                          "inventory",
                        ],
                        "marker": Object {
                          "colors": Array [
                            "#7492e7",
                          ],
                        },
                        "textinfo": "none",
                        "type": "pie",
                        "values": Array [
                          100,
                        ],
                      },
                    ]
                  }
                  debug={false}
                  divId="explorerPlotComponent"
                  layout={
                    Object {
                      "autosize": true,
                      "barmode": "stack",
                      "height": 200,
                      "hovermode": "closest",
                      "layout": Object {
                        "annotations": Array [
                          Object {
                            "showarrow": true,
                            "xanchor": "right",
                          },
                        ],
                      },
                      "legend": Object {
                        "orientation": "h",
                        "traceorder": "normal",
                      },
                      "margin": Object {
                        "b": 5,
                        "l": 5,
                        "r": 5,
                        "t": 5,
                      },
                      "paper_bgcolor": "rgba(0, 0, 0, 0)",
                      "plot_bgcolor": "rgba(0, 0, 0, 0)",
                      "showlegend": false,
                      "width": 200,
                      "xaxis": Object {
                        "automargin": true,
                        "rangemode": "normal",
                        "showgrid": true,
                        "zeroline": false,
                      },
                      "yaxis": Object {
                        "rangemode": "normal",
                        "showgrid": true,
                        "title": Object {
                          "text": "Count",
                        },
                        "zeroline": false,
                      },
                    }
                  }
                  style={
                    Object {
                      "height": "100%",
                      "width": "100%",
                    }
                  }
                  useResizeHandler={true}
                >
                  <div
                    id="explorerPlotComponent"
                    style={
                      Object {
                        "height": "100%",
                        "width": "100%",
                      }
                    }
                  />
                </PlotlyComponent>
              </Plt>
            </div>
          </EuiFlexItem>
          <EuiSpacer>
            <div
              className="euiSpacer euiSpacer--l"
            />
          </EuiSpacer>
          <EuiFlexItem>
            <div
              className="euiFlexItem"
            >
              <EuiFlexGroup
                responsive={false}
                style={
                  Object {
                    "maxHeight": 260,
                    "overflowY": "auto",
                  }
                }
              >
                <div
                  className="euiFlexGroup euiFlexGroup--gutterLarge euiFlexGroup--directionRow"
                  style={
                    Object {
                      "maxHeight": 260,
                      "overflowY": "auto",
                    }
                  }
                >
                  <EuiFlexItem>
                    <div
                      className="euiFlexItem"
                    >
                      <EuiFlexGroup
                        alignItems="flexStart"
                        direction="column"
                        gutterSize="m"
                        responsive={false}
                      >
                        <div
                          className="euiFlexGroup euiFlexGroup--gutterMedium euiFlexGroup--alignItemsFlexStart euiFlexGroup--directionColumn"
                        >
                          <EuiFlexItem
                            key="label-0"
                          >
                            <div
                              className="euiFlexItem"
                            >
                              <EuiHealth
                                color="#7492e7"
                              >
                                <div
                                  className="euiHealth euiHealth--textSizeS"
                                >
                                  <EuiFlexGroup
                                    alignItems="center"
                                    gutterSize="xs"
                                    responsive={false}
                                  >
                                    <div
                                      className="euiFlexGroup euiFlexGroup--gutterExtraSmall euiFlexGroup--alignItemsCenter euiFlexGroup--directionRow"
                                    >
                                      <EuiFlexItem
                                        grow={false}
                                      >
                                        <div
                                          className="euiFlexItem euiFlexItem--flexGrowZero"
                                        >
                                          <EuiIcon
                                            color="#7492e7"
                                            type="dot"
                                          >
                                            <EuiIconBeaker
                                              aria-hidden={true}
                                              className="euiIcon euiIcon--medium euiIcon--customColor euiIcon-isLoading"
                                              focusable="false"
                                              role="img"
                                              style={
                                                Object {
                                                  "color": "#7492e7",
                                                }
                                              }
                                            >
                                              <svg
                                                aria-hidden={true}
                                                className="euiIcon euiIcon--medium euiIcon--customColor euiIcon-isLoading"
                                                focusable="false"
                                                height={16}
                                                role="img"
                                                style={
                                                  Object {
                                                    "color": "#7492e7",
                                                  }
                                                }
                                                viewBox="0 0 16 16"
                                                width={16}
                                                xmlns="http://www.w3.org/2000/svg"
                                              >
                                                <path
                                                  d="M5.277 10.088c.02.014.04.03.057.047.582.55 1.134.812 1.666.812.586 0 1.84-.293 3.713-.88L9 6.212V2H7v4.212l-1.723 3.876Zm-.438.987L3.539 14h8.922l-1.32-2.969C9.096 11.677 7.733 12 7 12c-.74 0-1.463-.315-2.161-.925ZM6 2H5V1h6v1h-1v4l3.375 7.594A1 1 0 0 1 12.461 15H3.54a1 1 0 0 1-.914-1.406L6 6V2Z"
                                                />
                                              </svg>
                                            </EuiIconBeaker>
                                          </EuiIcon>
                                        </div>
                                      </EuiFlexItem>
                                      <EuiFlexItem
                                        grow={false}
                                      >
                                        <div
                                          className="euiFlexItem euiFlexItem--flexGrowZero"
                                        >
                                          <div
                                            style={
                                              Object {
                                                "whiteSpace": "nowrap",
                                              }
                                            }
                                          >
                                            inventory
                                          </div>
                                        </div>
                                      </EuiFlexItem>
                                    </div>
                                  </EuiFlexGroup>
                                </div>
                              </EuiHealth>
                            </div>
                          </EuiFlexItem>
                        </div>
                      </EuiFlexGroup>
                    </div>
                  </EuiFlexItem>
                  <EuiFlexItem>
                    <div
                      className="euiFlexItem"
                    />
                  </EuiFlexItem>
                  <EuiFlexItem>
                    <div
                      className="euiFlexItem"
                    />
                  </EuiFlexItem>
                  <EuiFlexItem>
                    <div
                      className="euiFlexItem"
                    >
                      <EuiFlexGroup
                        alignItems="flexEnd"
                        direction="column"
                        gutterSize="m"
                        responsive={false}
                      >
                        <div
                          className="euiFlexGroup euiFlexGroup--gutterMedium euiFlexGroup--alignItemsFlexEnd euiFlexGroup--directionColumn"
                        >
                          <EuiFlexItem
                            key="value-0"
                          >
                            <div
                              className="euiFlexItem"
                            >
                              <EuiText
                                size="s"
                              >
                                <div
                                  className="euiText euiText--small"
                                >
                                  100
                                  %
                                </div>
                              </EuiText>
                            </div>
                          </EuiFlexItem>
                        </div>
                      </EuiFlexGroup>
                    </div>
                  </EuiFlexItem>
                </div>
              </EuiFlexGroup>
            </div>
          </EuiFlexItem>
        </div>
      </EuiFlexGroup>
      <EuiSpacer>
        <div
          className="euiSpacer euiSpacer--l"
        />
      </EuiSpacer>
    </div>
  </EuiPanel>
</ServiceBreakdownPanel>
`;
