// Jest Snapshot v1, https://goo.gl/fbAQLP

exports[`SpanDetailPanel component renders correctly with default props 1`] = `
<Fragment>
  <EuiPanel
    data-test-subj="span-gantt-chart-panel"
  >
    <EuiFlexGroup
      direction="column"
      gutterSize="m"
    >
      <EuiFlexItem
        grow={false}
      >
        <EuiFlexGroup>
          <EuiFlexItem>
            <PanelTitle
              title="Spans"
              totalItems={0.5}
            />
          </EuiFlexItem>
          <EuiFlexItem
            grow={false}
          >
            <EuiFlexGroup
              alignItems="center"
              gutterSize="s"
              justifyContent="flexEnd"
            >
              <EuiFlexItem
                grow={false}
              >
                <EuiSmallButton
                  isDisabled={true}
                  onClick={[Function]}
                >
                  Reset zoom
                </EuiSmallButton>
              </EuiFlexItem>
              <EuiFlexItem
                grow={false}
              >
                <EuiButtonGroup
                  idSelected="timeline"
                  isDisabled={false}
                  legend="Select view of spans"
                  onChange={[Function]}
                  options={
                    Array [
                      Object {
                        "id": "timeline",
                        "label": "Timeline",
                      },
                      Object {
                        "id": "span_list",
                        "label": "Span list",
                      },
                      Object {
                        "id": "hierarchy_span_list",
                        "label": "Tree view",
                      },
                    ]
                  }
                />
              </EuiFlexItem>
            </EuiFlexGroup>
          </EuiFlexItem>
        </EuiFlexGroup>
      </EuiFlexItem>
      <EuiHorizontalRule
        margin="m"
      />
      <EuiFlexItem
        grow={false}
      >
        <Plt
          data={
            Array [
              Object {
                "hoverinfo": "none",
                "marker": Object {
                  "color": "#fff",
                },
                "orientation": "h",
                "showlegend": false,
                "type": "bar",
                "width": 0.4,
                "x": Array [
                  10,
                ],
                "y": Array [
                  "service1",
                ],
              },
            ]
          }
          layout={
            Object {
              "dragmode": "select",
              "height": 100,
              "margin": Object {
                "b": 30,
                "l": 150,
                "r": 5,
                "t": 30,
              },
              "paper_bgcolor": "rgba(0, 0, 0, 0)",
              "plot_bgcolor": "rgba(0, 0, 0, 0)",
              "shapes": Array [
                Object {
                  "editable": true,
                  "fillcolor": "rgba(128, 128, 128, 0.3)",
                  "line": Object {
                    "color": "rgba(255, 0, 0, 0.6)",
                    "width": 1,
                  },
                  "type": "rect",
                  "x0": 0,
                  "x1": 22,
                  "xref": "x",
                  "y0": 0,
                  "y1": 1,
                  "yref": "paper",
                },
              ],
              "width": 824,
              "xaxis": Object {
                "color": "#91989c",
                "range": Array [
                  0,
                  22,
                ],
                "showline": true,
                "side": "top",
                "ticksuffix": " ms",
              },
              "yaxis": Object {
                "fixedrange": true,
                "visible": false,
              },
            }
          }
          onRelayout={[Function]}
          onSelectedHandler={[Function]}
        />
      </EuiFlexItem>
      <EuiFlexItem
        style={
          Object {
            "maxHeight": 500,
            "overflowY": "auto",
          }
        }
      >
        <Plt
          data={
            Array [
              Object {
                "hoverinfo": "none",
                "marker": Object {
                  "color": "#fff",
                },
                "orientation": "h",
                "showlegend": false,
                "text": "10.00 ms",
                "textposition": "outside",
                "type": "bar",
                "width": 0.4,
                "x": Array [
                  10,
                ],
                "y": Array [
                  "service1",
                ],
              },
            ]
          }
          layout={
            Object {
              "height": 85,
              "margin": Object {
                "b": 30,
                "l": 150,
                "r": 5,
                "t": 30,
              },
              "paper_bgcolor": "rgba(0, 0, 0, 0)",
              "plot_bgcolor": "rgba(0, 0, 0, 0)",
              "width": 824,
              "xaxis": Object {
                "color": "#91989c",
                "range": Array [
                  0,
                  22,
                ],
                "showline": true,
                "side": "top",
                "ticksuffix": " ms",
              },
              "yaxis": Object {
                "fixedrange": true,
                "showgrid": false,
                "ticktext": Array [
                  "",
                ],
                "tickvals": Array [
                  "service1",
                ],
              },
            }
          }
          onClickHandler={[Function]}
          onHoverHandler={[Function]}
          onRelayout={[Function]}
          onUnhoverHandler={[Function]}
        />
      </EuiFlexItem>
    </EuiFlexGroup>
  </EuiPanel>
</Fragment>
`;
