// Jest Snapshot v1, https://goo.gl/fbAQLP

exports[`Trace view component renders trace view 1`] = `
<Fragment>
  <EuiPage>
    <EuiPageBody>
      <EuiFlexItem>
        <EuiText
          size="s"
        >
          <h1
            className="overview-content"
          >
            test
          </h1>
        </EuiText>
      </EuiFlexItem>
      <EuiFlexGroup
        alignItems="stretch"
        gutterSize="s"
      >
        <EuiFlexItem
          grow={5}
        >
          <EuiPanel>
            <PanelTitle
              title="Overview"
            />
            <EuiHorizontalRule
              margin="m"
            />
            <EuiFlexGroup>
              <EuiFlexItem>
                <EuiFlexGroup
                  direction="column"
                >
                  <EuiFlexItem
                    grow={false}
                  >
                    <EuiText
                      className="overview-title"
                    >
                      Trace ID
                    </EuiText>
                  </EuiFlexItem>
                  <EuiFlexItem
                    grow={false}
                  >
                    <EuiText
                      className="overview-title"
                    >
                      Trace group name
                    </EuiText>
                    <EuiText
                      className="overview-content"
                      size="s"
                    >
                      -
                    </EuiText>
                  </EuiFlexItem>
                </EuiFlexGroup>
              </EuiFlexItem>
              <EuiFlexItem>
                <EuiFlexGroup
                  direction="column"
                >
                  <EuiFlexItem
                    grow={false}
                  >
                    <EuiText
                      className="overview-title"
                    >
                      Latency
                    </EuiText>
                    <EuiText
                      className="overview-content"
                      size="s"
                    />
                  </EuiFlexItem>
                  <EuiFlexItem
                    grow={false}
                  >
                    <EuiText
                      className="overview-title"
                    >
                      Last updated
                    </EuiText>
                    <EuiText
                      className="overview-content"
                      size="s"
                    />
                  </EuiFlexItem>
                </EuiFlexGroup>
              </EuiFlexItem>
              <EuiFlexItem>
                <EuiFlexGroup
                  direction="column"
                >
                  <EuiFlexItem
                    grow={false}
                  >
                    <EuiText
                      className="overview-title"
                    >
                      Errors
                    </EuiText>
                    <EuiText
                      className="overview-content"
                      size="s"
                    >
                      -
                    </EuiText>
                  </EuiFlexItem>
                </EuiFlexGroup>
              </EuiFlexItem>
            </EuiFlexGroup>
          </EuiPanel>
        </EuiFlexItem>
        <EuiFlexItem
          grow={3}
        >
          <ServiceBreakdownPanel
            data={Array []}
            isLoading={false}
          />
        </EuiFlexItem>
      </EuiFlexGroup>
      <EuiSpacer
        size="m"
      />
      <EuiFlexGroup>
        <EuiFlexItem>
          <SpanDetailPanel
            colorMap={Object {}}
            data={
              Object {
                "gantt": Array [],
                "ganttMaxX": 0,
                "table": Array [],
              }
            }
            dataSourceMDSId=""
            dataSourceMDSLabel=""
            http={[MockFunction]}
            mode="data_prepper"
            setData={[Function]}
            traceId="test"
          />
        </EuiFlexItem>
      </EuiFlexGroup>
      <EuiSpacer />
      <EuiPanel>
        <EuiFlexGroup>
          <EuiFlexItem>
            <PanelTitle
              title="Payload"
            />
          </EuiFlexItem>
        </EuiFlexGroup>
        <EuiHorizontalRule
          margin="m"
        />
      </EuiPanel>
      <EuiSpacer />
      <ServiceMap
        idSelected="latency"
        isServicesDataLoading={false}
        page="traceView"
        serviceMap={Object {}}
        setIdSelected={[Function]}
      />
    </EuiPageBody>
  </EuiPage>
</Fragment>
`;
